// Jest Snapshot v1, https://goo.gl/fbAQLP

exports[`Contract: BitMathTest MostSignificantBit should use same gas price for every msb calculation 1`] = `
Object {
  "gas": Object {
    "logs": Array [],
    "receipt": Object {
      "blockHash": "0x556abd469ba28290709f51b5f350a9804c9d4125102704b9fa182269a0deade4",
      "blockNumber": 15,
      "contractAddress": null,
      "cumulativeGasUsed": 23084,
      "from": "0x545234ba61afec3eac600ff1f62e4c2983369ee6",
      "gasUsed": 23084,
      "logs": Array [],
      "logsBloom": "0x00000000000000000000000000000000000000000000000000000000000000000000000000000000000000000000000000000000000000000000000000000000000000000000000000000000000000000000000000000000000000000000000000000000000000000000000000000000000000000000000000000000000000000000000000000000000000000000000000000000000000000000000000000000000000000000000000000000000000000000000000000000000000000000000000000000000000000000000000000000000000000000000000000000000000000000000000000000000000000000000000000000000000000000000000000000",
      "rawLogs": Array [],
      "status": true,
      "to": "0xd6e19c0817c20358abf019e5db7ed38bcf397bb2",
      "transactionHash": "0x5c8992e34bca564a99595f75da9cad3cc781ded16f4e51fe1fc1ba75c8028597",
      "transactionIndex": 0,
    },
    "tx": "0x5c8992e34bca564a99595f75da9cad3cc781ded16f4e51fe1fc1ba75c8028597",
  },
}
`;
